{
    "Should run without failures": {
        "content": [
            {
                "0": [
                    "lpa-ref2645.bed:md5,6291e11874973cee03800a3bb45345fc"
                ],
                "bed": [
                    "lpa-ref2645.bed:md5,6291e11874973cee03800a3bb45345fc"
                ]
            }
        ],
        "meta": {
            "nf-test": "0.8.4",
            "nextflow": "23.10.0"
        },
        "timestamp": "2024-03-07T15:17:45.33752"
    }
}