{
    "Should output three files": {
        "content": [
            {
                "0": [
                    "final.vcf:md5,22906ceda834065e1d62878ed521f18c",
                    "final.vcf:md5,9d0d55c36e3f6f72b65371b3ea534260",
                    "final.vcf:md5,9da201124f97ba4ffcea42720219ce88"
                ],
                "variants": [
                    "final.vcf:md5,22906ceda834065e1d62878ed521f18c",
                    "final.vcf:md5,9d0d55c36e3f6f72b65371b3ea534260",
                    "final.vcf:md5,9da201124f97ba4ffcea42720219ce88"
                ]
            }
        ],
        "meta": {
            "nf-test": "0.9.0",
            "nextflow": "22.10.3"
        },
        "timestamp": "2024-09-13T15:43:14.912982"
    },
    "Should run without failures": {
        "content": [
            {
                "0": [
                    "final.vcf:md5,9d0d55c36e3f6f72b65371b3ea534260"
                ],
                "variants": [
                    "final.vcf:md5,9d0d55c36e3f6f72b65371b3ea534260"
                ]
            }
        ],
        "meta": {
            "nf-test": "0.9.0",
            "nextflow": "22.10.3"
        },
        "timestamp": "2024-09-13T15:43:10.490675"
    }
}